Archive member included to satisfy reference by file (symbol)

/home/fe16/dr16639/linux/appliedSecurity/scale-hw/target/lpc1313fbd48/build/lib/libscale.a(scale.o)
                              /tmp/ccdIaiyI.o (scale_gpio_wr)
/home/fe16/dr16639/linux/appliedSecurity/scale-hw/target/lpc1313fbd48/build/lib/libscale.a(bsp.o)
                              /home/fe16/dr16639/linux/appliedSecurity/scale-hw/target/lpc1313fbd48/build/lib/libscale.a(scale.o) (scale_conf)
/home/fe16/dr16639/linux/appliedSecurity/scale-hw/target/lpc1313fbd48/build/lib/libscale.a(lpc13xx.o)
                              /home/fe16/dr16639/linux/appliedSecurity/scale-hw/target/lpc1313fbd48/build/lib/libscale.a(scale.o) (LPC13XX_SYSCON)
/home/fe16/dr16639/linux/appliedSecurity/scale-hw/target/lpc1313fbd48/build/lib/libscale.a(crt0.o)
                              (__irq_vector)

Allocating common symbols
Common symbol       size              file

scale_conf          0x4               /home/fe16/dr16639/linux/appliedSecurity/scale-hw/target/lpc1313fbd48/build/lib/libscale.a(bsp.o)
masksPrime          0x4               /tmp/ccdIaiyI.o
masks               0x4               /tmp/ccdIaiyI.o
sboxSwitch          0x8               /tmp/ccdIaiyI.o
sboxMasked          0x100             /tmp/ccdIaiyI.o
bigMPrime           0x1               /tmp/ccdIaiyI.o
bigM                0x1               /tmp/ccdIaiyI.o

Memory Configuration

Name             Origin             Length             Attributes
rom              0x0000000000000000 0x0000000000008000 xr
ram              0x0000000010000000 0x0000000000002000 xrw
*default*        0x0000000000000000 0xffffffffffffffff

Linker script and memory map

LOAD /tmp/ccdIaiyI.o
LOAD /home/fe16/dr16639/linux/appliedSecurity/scale-hw/target/lpc1313fbd48/build/lib/libscale.a
START GROUP
LOAD /opt/gcc-arm-none-eabi/7-2017-q4-major/bin/../lib/gcc/arm-none-eabi/7.2.1/thumb/v7-m/libgcc.a
LOAD /opt/gcc-arm-none-eabi/7-2017-q4-major/bin/../lib/gcc/arm-none-eabi/7.2.1/../../../../arm-none-eabi/lib/thumb/v7-m/libc.a
END GROUP
                0x0000000000000000                . = 0x0

.text           0x0000000000000000      0xc44
                0x0000000000000000                __head_text = .
 *(.data.__irq_handler)
 .data.__irq_handler
                0x0000000000000000       0x40 /home/fe16/dr16639/linux/appliedSecurity/scale-hw/target/lpc1313fbd48/build/lib/libscale.a(crt0.o)
                0x0000000000000000                __irq_vector
 *(.text.__irq_handler)
 .text.__irq_handler
                0x0000000000000040       0x48 /home/fe16/dr16639/linux/appliedSecurity/scale-hw/target/lpc1313fbd48/build/lib/libscale.a(crt0.o)
                0x0000000000000040                __irq_handler_nul
                0x0000000000000042                __irq_handler_rst
 *(.text*)
 .text          0x0000000000000088      0x590 /tmp/ccdIaiyI.o
                0x0000000000000088                charToHex
                0x00000000000000ae                hexToChar
                0x00000000000000ba                octetstr_rd
                0x000000000000013a                octetstr_wr
                0x00000000000001ba                xtime
                0x00000000000001cc                aes_gf28_mul
                0x00000000000001ec                calculateMixColMask
                0x0000000000000248                calculateSboxMasked
                0x000000000000027c                mask
                0x00000000000002cc                sbox
                0x00000000000002d8                aes_enc_rnd_mix
                0x000000000000034c                aes_enc_rnd_row
                0x000000000000038a                aes_enc_rnd_sub
                0x00000000000003f4                aes_enc_add_rnd_key
                0x0000000000000468                aes_enc_key_update
                0x00000000000004e4                aes_init
                0x0000000000000534                aes
 .text.startup  0x0000000000000618      0x104 /tmp/ccdIaiyI.o
                0x0000000000000618                main
 .text          0x000000000000071c      0x4dc /home/fe16/dr16639/linux/appliedSecurity/scale-hw/target/lpc1313fbd48/build/lib/libscale.a(scale.o)
                0x000000000000071c                scale_delay_us
                0x0000000000000738                scale_delay_ms
                0x0000000000000750                scale_tsc
                0x0000000000000760                scale_gpio_rd
                0x000000000000079c                scale_gpio_wr
                0x00000000000007ec                scale_uart_rd_avail
                0x00000000000007fc                scale_uart_wr_avail
                0x000000000000080c                scale_init
                0x0000000000000ac0                scale_uart_rd
                0x0000000000000ad8                scale_uart_wr
                0x0000000000000af0                scale_i2c_fsm
                0x0000000000000be4                scale_i2c_rd
                0x0000000000000bee                scale_i2c_wr
 .text          0x0000000000000bf8        0x0 /home/fe16/dr16639/linux/appliedSecurity/scale-hw/target/lpc1313fbd48/build/lib/libscale.a(bsp.o)
 .text          0x0000000000000bf8        0x0 /home/fe16/dr16639/linux/appliedSecurity/scale-hw/target/lpc1313fbd48/build/lib/libscale.a(lpc13xx.o)
 .text.lpc13xx  0x0000000000000bf8        0x8 /home/fe16/dr16639/linux/appliedSecurity/scale-hw/target/lpc1313fbd48/build/lib/libscale.a(lpc13xx.o)
                0x0000000000000bf8                lpc13xx_irq_enable
                0x0000000000000bfc                lpc13xx_irq_unable
 .text          0x0000000000000c00        0x0 /home/fe16/dr16639/linux/appliedSecurity/scale-hw/target/lpc1313fbd48/build/lib/libscale.a(crt0.o)
 .text.__start  0x0000000000000c00        0xa /home/fe16/dr16639/linux/appliedSecurity/scale-hw/target/lpc1313fbd48/build/lib/libscale.a(crt0.o)
                0x0000000000000c00                __start
 *(.text.*)
 *(.rodata*)
 .rodata        0x0000000000000c0a       0x3a /tmp/ccdIaiyI.o
 *(.rodata.*)
                0x0000000000000c44                . = ALIGN (0x4)
                0x0000000000000c44                __foot_text = .

.glue_7         0x0000000000000c44        0x0
 .glue_7        0x0000000000000c44        0x0 linker stubs

.glue_7t        0x0000000000000c44        0x0
 .glue_7t       0x0000000000000c44        0x0 linker stubs

.vfp11_veneer   0x0000000000000c44        0x0
 .vfp11_veneer  0x0000000000000c44        0x0 linker stubs

.v4_bx          0x0000000000000c44        0x0
 .v4_bx         0x0000000000000c44        0x0 linker stubs

.iplt           0x0000000000000c44        0x0
 .iplt          0x0000000000000c44        0x0 /tmp/ccdIaiyI.o

.rel.dyn        0x0000000000000c44        0x0
 .rel.iplt      0x0000000000000c44        0x0 /tmp/ccdIaiyI.o

.data           0x0000000010000000      0x12c load address 0x0000000000000c50
                0x0000000010000000                __head_data = .
 *(.data)
 .data          0x0000000010000000      0x100 /tmp/ccdIaiyI.o
                0x0000000010000000                sboxTable
 .data          0x0000000010000100        0x4 /home/fe16/dr16639/linux/appliedSecurity/scale-hw/target/lpc1313fbd48/build/lib/libscale.a(scale.o)
                0x0000000010000100                SCALE_CONF
 .data          0x0000000010000104        0x0 /home/fe16/dr16639/linux/appliedSecurity/scale-hw/target/lpc1313fbd48/build/lib/libscale.a(bsp.o)
 .data          0x0000000010000104        0x0 /home/fe16/dr16639/linux/appliedSecurity/scale-hw/target/lpc1313fbd48/build/lib/libscale.a(lpc13xx.o)
 .data          0x0000000010000104        0x0 /home/fe16/dr16639/linux/appliedSecurity/scale-hw/target/lpc1313fbd48/build/lib/libscale.a(crt0.o)
 *(.data.*)
 .data.lpc13xx  0x0000000010000104       0x28 /home/fe16/dr16639/linux/appliedSecurity/scale-hw/target/lpc1313fbd48/build/lib/libscale.a(lpc13xx.o)
                0x0000000010000104                LPC13XX_SYSCON
                0x0000000010000108                LPC13XX_IOCON
                0x000000001000010c                LPC13XX_GPIO0
                0x0000000010000110                LPC13XX_GPIO1
                0x0000000010000114                LPC13XX_GPIO2
                0x0000000010000118                LPC13XX_GPIO3
                0x000000001000011c                LPC13XX_UART
                0x0000000010000120                LPC13XX_I2C
                0x0000000010000124                LPC13XX_FMC
                0x0000000010000128                LPC13XX_SYSTICK
                0x000000001000012c                . = ALIGN (0x4)
                0x000000001000012c                __foot_data = .

.igot.plt       0x000000001000012c        0x0 load address 0x0000000000000d7c
 .igot.plt      0x000000001000012c        0x0 /tmp/ccdIaiyI.o

.bss            0x0000000010000130      0x116 load address 0x0000000000000d80
                0x0000000010000130                __head_bss = .
 *(.bss)
 .bss           0x0000000010000130        0x0 /tmp/ccdIaiyI.o
 .bss           0x0000000010000130        0x0 /home/fe16/dr16639/linux/appliedSecurity/scale-hw/target/lpc1313fbd48/build/lib/libscale.a(scale.o)
 .bss           0x0000000010000130        0x0 /home/fe16/dr16639/linux/appliedSecurity/scale-hw/target/lpc1313fbd48/build/lib/libscale.a(bsp.o)
 .bss           0x0000000010000130        0x0 /home/fe16/dr16639/linux/appliedSecurity/scale-hw/target/lpc1313fbd48/build/lib/libscale.a(lpc13xx.o)
 .bss           0x0000000010000130        0x0 /home/fe16/dr16639/linux/appliedSecurity/scale-hw/target/lpc1313fbd48/build/lib/libscale.a(crt0.o)
 *(.bss.*)
                0x0000000010000130                . = ALIGN (0x4)
                0x0000000010000130                __foot_bss = .
 COMMON         0x0000000010000130      0x112 /tmp/ccdIaiyI.o
                0x0000000010000130                masksPrime
                0x0000000010000134                masks
                0x0000000010000138                sboxSwitch
                0x0000000010000140                sboxMasked
                0x0000000010000240                bigMPrime
                0x0000000010000241                bigM
 COMMON         0x0000000010000242        0x4 /home/fe16/dr16639/linux/appliedSecurity/scale-hw/target/lpc1313fbd48/build/lib/libscale.a(bsp.o)
                0x0000000010000242                scale_conf
                [!provide]                        PROVIDE (__load_text, LOADADDR (.text))
                0x0000000000000c50                PROVIDE (__load_data, LOADADDR (.data))
                0x0000000000000d80                PROVIDE (__load_bss, LOADADDR (.bss))
                0x0000000010002000                PROVIDE (__tos, (ORIGIN (ram) + LENGTH (ram)))
OUTPUT(target.elf elf32-littlearm)

.comment        0x0000000000000000       0x7e
 .comment       0x0000000000000000       0x7e /tmp/ccdIaiyI.o
                                         0x7f (size before relaxing)
 .comment       0x000000000000007e       0x7f /home/fe16/dr16639/linux/appliedSecurity/scale-hw/target/lpc1313fbd48/build/lib/libscale.a(scale.o)
 .comment       0x000000000000007e       0x7f /home/fe16/dr16639/linux/appliedSecurity/scale-hw/target/lpc1313fbd48/build/lib/libscale.a(bsp.o)

.ARM.attributes
                0x0000000000000000       0x31
 .ARM.attributes
                0x0000000000000000       0x33 /tmp/ccdIaiyI.o
 .ARM.attributes
                0x0000000000000033       0x33 /home/fe16/dr16639/linux/appliedSecurity/scale-hw/target/lpc1313fbd48/build/lib/libscale.a(scale.o)
 .ARM.attributes
                0x0000000000000066       0x33 /home/fe16/dr16639/linux/appliedSecurity/scale-hw/target/lpc1313fbd48/build/lib/libscale.a(bsp.o)
 .ARM.attributes
                0x0000000000000099       0x21 /home/fe16/dr16639/linux/appliedSecurity/scale-hw/target/lpc1313fbd48/build/lib/libscale.a(lpc13xx.o)
 .ARM.attributes
                0x00000000000000ba       0x21 /home/fe16/dr16639/linux/appliedSecurity/scale-hw/target/lpc1313fbd48/build/lib/libscale.a(crt0.o)
