Archive member included to satisfy reference by file (symbol)

/home/dominic/appliedSecurity/scale-hw/target/lpc1313fbd48/build/lib/libscale.a(scale.o)
                              /tmp/cczi6SQB.o (scale_gpio_wr)
/home/dominic/appliedSecurity/scale-hw/target/lpc1313fbd48/build/lib/libscale.a(bsp.o)
                              /home/dominic/appliedSecurity/scale-hw/target/lpc1313fbd48/build/lib/libscale.a(scale.o) (scale_conf)
/home/dominic/appliedSecurity/scale-hw/target/lpc1313fbd48/build/lib/libscale.a(lpc13xx.o)
                              /home/dominic/appliedSecurity/scale-hw/target/lpc1313fbd48/build/lib/libscale.a(scale.o) (LPC13XX_SYSCON)
/home/dominic/appliedSecurity/scale-hw/target/lpc1313fbd48/build/lib/libscale.a(crt0.o)
                              (__irq_vector)

Allocating common symbols
Common symbol       size              file

scale_conf          0x4               /home/dominic/appliedSecurity/scale-hw/target/lpc1313fbd48/build/lib/libscale.a(bsp.o)

Memory Configuration

Name             Origin             Length             Attributes
rom              0x0000000000000000 0x0000000000008000 xr
ram              0x0000000010000000 0x0000000000002000 xrw
*default*        0x0000000000000000 0xffffffffffffffff

Linker script and memory map

LOAD /tmp/cczi6SQB.o
LOAD /home/dominic/appliedSecurity/scale-hw/target/lpc1313fbd48/build/lib/libscale.a
START GROUP
LOAD /opt/gcc-arm-none-eabi-7-2018-q2-update/bin/../lib/gcc/arm-none-eabi/7.3.1/thumb/v7-m/libgcc.a
LOAD /opt/gcc-arm-none-eabi-7-2018-q2-update/bin/../lib/gcc/arm-none-eabi/7.3.1/../../../../arm-none-eabi/lib/thumb/v7-m/libc.a
END GROUP
                0x0000000000000000                . = 0x0

.text           0x0000000000000000      0x6cc
                0x0000000000000000                __head_text = .
 *(.data.__irq_handler)
 .data.__irq_handler
                0x0000000000000000       0x40 /home/dominic/appliedSecurity/scale-hw/target/lpc1313fbd48/build/lib/libscale.a(crt0.o)
                0x0000000000000000                __irq_vector
 *(.text.__irq_handler)
 .text.__irq_handler
                0x0000000000000040       0x48 /home/dominic/appliedSecurity/scale-hw/target/lpc1313fbd48/build/lib/libscale.a(crt0.o)
                0x0000000000000040                __irq_handler_nul
                0x0000000000000042                __irq_handler_rst
 *(.text*)
 .text          0x0000000000000088      0x116 /tmp/cczi6SQB.o
                0x0000000000000088                charToHex
                0x00000000000000ae                hexToChar
                0x00000000000000ba                octetstr_rd
                0x0000000000000130                octetstr_wr
 *fill*         0x000000000000019e        0x2 
 .text.startup  0x00000000000001a0       0x3c /tmp/cczi6SQB.o
                0x00000000000001a0                main
 .text          0x00000000000001dc      0x4dc /home/dominic/appliedSecurity/scale-hw/target/lpc1313fbd48/build/lib/libscale.a(scale.o)
                0x00000000000001dc                scale_delay_us
                0x00000000000001f8                scale_delay_ms
                0x0000000000000210                scale_tsc
                0x0000000000000220                scale_gpio_rd
                0x000000000000025c                scale_gpio_wr
                0x00000000000002ac                scale_uart_rd_avail
                0x00000000000002bc                scale_uart_wr_avail
                0x00000000000002cc                scale_init
                0x0000000000000580                scale_uart_rd
                0x0000000000000598                scale_uart_wr
                0x00000000000005b0                scale_i2c_fsm
                0x00000000000006a4                scale_i2c_rd
                0x00000000000006ae                scale_i2c_wr
 .text          0x00000000000006b8        0x0 /home/dominic/appliedSecurity/scale-hw/target/lpc1313fbd48/build/lib/libscale.a(bsp.o)
 .text          0x00000000000006b8        0x0 /home/dominic/appliedSecurity/scale-hw/target/lpc1313fbd48/build/lib/libscale.a(lpc13xx.o)
 .text.lpc13xx  0x00000000000006b8        0x8 /home/dominic/appliedSecurity/scale-hw/target/lpc1313fbd48/build/lib/libscale.a(lpc13xx.o)
                0x00000000000006b8                lpc13xx_irq_enable
                0x00000000000006bc                lpc13xx_irq_unable
 .text          0x00000000000006c0        0x0 /home/dominic/appliedSecurity/scale-hw/target/lpc1313fbd48/build/lib/libscale.a(crt0.o)
 .text.__start  0x00000000000006c0        0xa /home/dominic/appliedSecurity/scale-hw/target/lpc1313fbd48/build/lib/libscale.a(crt0.o)
                0x00000000000006c0                __start
 *(.text.*)
 *(.rodata*)
 *(.rodata.*)
                0x00000000000006cc                . = ALIGN (0x4)
 *fill*         0x00000000000006ca        0x2 
                0x00000000000006cc                __foot_text = .

.glue_7         0x00000000000006cc        0x0
 .glue_7        0x00000000000006cc        0x0 linker stubs

.glue_7t        0x00000000000006cc        0x0
 .glue_7t       0x00000000000006cc        0x0 linker stubs

.vfp11_veneer   0x00000000000006cc        0x0
 .vfp11_veneer  0x00000000000006cc        0x0 linker stubs

.v4_bx          0x00000000000006cc        0x0
 .v4_bx         0x00000000000006cc        0x0 linker stubs

.iplt           0x00000000000006cc        0x0
 .iplt          0x00000000000006cc        0x0 /tmp/cczi6SQB.o

.rel.dyn        0x00000000000006cc        0x0
 .rel.iplt      0x00000000000006cc        0x0 /tmp/cczi6SQB.o

.data           0x0000000010000000       0x2c load address 0x00000000000006d0
                0x0000000010000000                __head_data = .
 *(.data)
 .data          0x0000000010000000        0x0 /tmp/cczi6SQB.o
 .data          0x0000000010000000        0x4 /home/dominic/appliedSecurity/scale-hw/target/lpc1313fbd48/build/lib/libscale.a(scale.o)
                0x0000000010000000                SCALE_CONF
 .data          0x0000000010000004        0x0 /home/dominic/appliedSecurity/scale-hw/target/lpc1313fbd48/build/lib/libscale.a(bsp.o)
 .data          0x0000000010000004        0x0 /home/dominic/appliedSecurity/scale-hw/target/lpc1313fbd48/build/lib/libscale.a(lpc13xx.o)
 .data          0x0000000010000004        0x0 /home/dominic/appliedSecurity/scale-hw/target/lpc1313fbd48/build/lib/libscale.a(crt0.o)
 *(.data.*)
 .data.lpc13xx  0x0000000010000004       0x28 /home/dominic/appliedSecurity/scale-hw/target/lpc1313fbd48/build/lib/libscale.a(lpc13xx.o)
                0x0000000010000004                LPC13XX_SYSCON
                0x0000000010000008                LPC13XX_IOCON
                0x000000001000000c                LPC13XX_GPIO0
                0x0000000010000010                LPC13XX_GPIO1
                0x0000000010000014                LPC13XX_GPIO2
                0x0000000010000018                LPC13XX_GPIO3
                0x000000001000001c                LPC13XX_UART
                0x0000000010000020                LPC13XX_I2C
                0x0000000010000024                LPC13XX_FMC
                0x0000000010000028                LPC13XX_SYSTICK
                0x000000001000002c                . = ALIGN (0x4)
                0x000000001000002c                __foot_data = .

.igot.plt       0x000000001000002c        0x0 load address 0x00000000000006fc
 .igot.plt      0x000000001000002c        0x0 /tmp/cczi6SQB.o

.bss            0x0000000010000030        0x4 load address 0x0000000000000700
                0x0000000010000030                __head_bss = .
 *(.bss)
 .bss           0x0000000010000030        0x0 /tmp/cczi6SQB.o
 .bss           0x0000000010000030        0x0 /home/dominic/appliedSecurity/scale-hw/target/lpc1313fbd48/build/lib/libscale.a(scale.o)
 .bss           0x0000000010000030        0x0 /home/dominic/appliedSecurity/scale-hw/target/lpc1313fbd48/build/lib/libscale.a(bsp.o)
 .bss           0x0000000010000030        0x0 /home/dominic/appliedSecurity/scale-hw/target/lpc1313fbd48/build/lib/libscale.a(lpc13xx.o)
 .bss           0x0000000010000030        0x0 /home/dominic/appliedSecurity/scale-hw/target/lpc1313fbd48/build/lib/libscale.a(crt0.o)
 *(.bss.*)
                0x0000000010000030                . = ALIGN (0x4)
                0x0000000010000030                __foot_bss = .
 COMMON         0x0000000010000030        0x4 /home/dominic/appliedSecurity/scale-hw/target/lpc1313fbd48/build/lib/libscale.a(bsp.o)
                0x0000000010000030                scale_conf
                [!provide]                        PROVIDE (__load_text = LOADADDR (.text))
                0x00000000000006d0                PROVIDE (__load_data = LOADADDR (.data))
                0x0000000000000700                PROVIDE (__load_bss = LOADADDR (.bss))
                0x0000000010002000                PROVIDE (__tos = (ORIGIN (ram) + LENGTH (ram)))
OUTPUT(helloworld.elf elf32-littlearm)

.comment        0x0000000000000000       0x7f
 .comment       0x0000000000000000       0x7f /tmp/cczi6SQB.o
                                         0x80 (size before relaxing)
 .comment       0x000000000000007f       0x80 /home/dominic/appliedSecurity/scale-hw/target/lpc1313fbd48/build/lib/libscale.a(scale.o)
 .comment       0x000000000000007f       0x80 /home/dominic/appliedSecurity/scale-hw/target/lpc1313fbd48/build/lib/libscale.a(bsp.o)

.ARM.attributes
                0x0000000000000000       0x31
 .ARM.attributes
                0x0000000000000000       0x33 /tmp/cczi6SQB.o
 .ARM.attributes
                0x0000000000000033       0x33 /home/dominic/appliedSecurity/scale-hw/target/lpc1313fbd48/build/lib/libscale.a(scale.o)
 .ARM.attributes
                0x0000000000000066       0x33 /home/dominic/appliedSecurity/scale-hw/target/lpc1313fbd48/build/lib/libscale.a(bsp.o)
 .ARM.attributes
                0x0000000000000099       0x21 /home/dominic/appliedSecurity/scale-hw/target/lpc1313fbd48/build/lib/libscale.a(lpc13xx.o)
 .ARM.attributes
                0x00000000000000ba       0x21 /home/dominic/appliedSecurity/scale-hw/target/lpc1313fbd48/build/lib/libscale.a(crt0.o)
